// Jest Snapshot v1, https://goo.gl/fbAQLP

exports[`DependenciesStack Construct(DependenciesStack):  Snapshot Test 1`] = `
{
  "Resources": {
    "PutSsmParameterRoleEF99BE78": {
      "Metadata": {
        "cdk_nag": {
          "rules_to_suppress": [
            {
              "id": "AwsSolutions-IAM5",
              "reason": "This role is required to give permissions to put/delete SSM parameters across accounts and regions",
            },
          ],
        },
      },
      "Properties": {
        "AssumeRolePolicyDocument": {
          "Statement": [
            {
              "Action": "sts:AssumeRole",
              "Condition": {
                "StringEquals": {
                  "aws:PrincipalOrgID": "o-asdf123456",
                },
              },
              "Effect": "Allow",
              "Principal": {
                "AWS": "*",
              },
            },
          ],
          "Version": "2012-10-17",
        },
        "Policies": [
          {
            "PolicyDocument": {
              "Statement": [
                {
                  "Action": [
                    "ssm:PutParameter",
                    "ssm:DeleteParameter",
                  ],
                  "Effect": "Allow",
                  "Resource": "arn:aws:ssm:*:*:parameter/accelerator*",
                },
              ],
              "Version": "2012-10-17",
            },
            "PolicyName": "default",
          },
        ],
        "RoleName": "AWSAccelerator-CrossAccountSsmParameterShare",
      },
      "Type": "AWS::IAM::Role",
    },
    "SsmParamAcceleratorVersionFF83282D": {
      "Properties": {
        "Name": "/accelerator/AWSAccelerator-DependenciesStack-111111111111-us-east-1/version",
        "Type": "String",
        "Value": "1.4.3",
      },
      "Type": "AWS::SSM::Parameter",
    },
    "SsmParamStackId521A78D3": {
      "Properties": {
        "Name": "/accelerator/AWSAccelerator-DependenciesStack-111111111111-us-east-1/stack-id",
        "Type": "String",
        "Value": {
          "Ref": "AWS::StackId",
        },
      },
      "Type": "AWS::SSM::Parameter",
    },
  },
}
`;
